[debug] [2025-11-03T17:50:45.305Z] ----------------------------------------------------------------------
[debug] [2025-11-03T17:50:45.308Z] Command:       C:\Program Files\nodejs\node.exe C:\Users\User\AppData\Roaming\npm\node_modules\firebase-tools\lib\bin\firebase.js deploy --only storage --project egumeni-eats-e2a32
[debug] [2025-11-03T17:50:45.308Z] CLI Version:   14.22.0
[debug] [2025-11-03T17:50:45.308Z] Platform:      win32
[debug] [2025-11-03T17:50:45.308Z] Node Version:  v22.16.0
[debug] [2025-11-03T17:50:45.309Z] Time:          Mon Nov 03 2025 19:50:45 GMT+0200 (South Africa Standard Time)
[debug] [2025-11-03T17:50:45.309Z] ----------------------------------------------------------------------
[debug] 
[debug] [2025-11-03T17:50:45.311Z] >>> [apiv2][query] GET https://firebase-public.firebaseio.com/cli.json [none]
[error] 
[error] Error: Not in a Firebase app directory (could not locate firebase.json)
[debug] [2025-11-03T17:51:24.027Z] ----------------------------------------------------------------------
[debug] [2025-11-03T17:51:24.030Z] Command:       C:\Program Files\nodejs\node.exe C:\Users\User\AppData\Roaming\npm\node_modules\firebase-tools\lib\bin\firebase.js init storage --project egumeni-eats-e2a32
[debug] [2025-11-03T17:51:24.031Z] CLI Version:   14.22.0
[debug] [2025-11-03T17:51:24.031Z] Platform:      win32
[debug] [2025-11-03T17:51:24.031Z] Node Version:  v22.16.0
[debug] [2025-11-03T17:51:24.031Z] Time:          Mon Nov 03 2025 19:51:24 GMT+0200 (South Africa Standard Time)
[debug] [2025-11-03T17:51:24.031Z] ----------------------------------------------------------------------
[debug] 
[debug] [2025-11-03T17:51:24.034Z] >>> [apiv2][query] GET https://firebase-public.firebaseio.com/cli.json [none]
[info] 
     ######## #### ########  ######## ########     ###     ######  ########
     ##        ##  ##     ## ##       ##     ##  ##   ##  ##       ##
     ######    ##  ########  ######   ########  #########  ######  ######
     ##        ##  ##    ##  ##       ##     ## ##     ##       ## ##
     ##       #### ##     ## ######## ########  ##     ##  ######  ########

You're about to initialize a Firebase project in this directory:

  C:\Users\User\Downloads\Hotel Ordering System version 1.00\Hotel Ordering System version 0.6\src

[debug] [2025-11-03T17:51:25.126Z] <<< [apiv2][status] GET https://firebase-public.firebaseio.com/cli.json 200
[debug] [2025-11-03T17:51:25.127Z] <<< [apiv2][body] GET https://firebase-public.firebaseio.com/cli.json {"cloudBuildErrorAfter":1594252800000,"cloudBuildWarnAfter":1590019200000,"defaultNode10After":1594252800000,"minVersion":"3.0.5","node8DeploysDisabledAfter":1613390400000,"node8RuntimeDisabledAfter":1615809600000,"node8WarnAfter":1600128000000}
[debug] [2025-11-03T17:51:58.522Z] ----------------------------------------------------------------------
[debug] [2025-11-03T17:51:58.524Z] Command:       C:\Program Files\nodejs\node.exe C:\Users\User\AppData\Roaming\npm\node_modules\firebase-tools\lib\bin\firebase.js functions:config:set storage.cors=true --project egumeni-eats-e2a32
[debug] [2025-11-03T17:51:58.525Z] CLI Version:   14.22.0
[debug] [2025-11-03T17:51:58.525Z] Platform:      win32
[debug] [2025-11-03T17:51:58.525Z] Node Version:  v22.16.0
[debug] [2025-11-03T17:51:58.525Z] Time:          Mon Nov 03 2025 19:51:58 GMT+0200 (South Africa Standard Time)
[debug] [2025-11-03T17:51:58.525Z] ----------------------------------------------------------------------
[debug] 
[debug] [2025-11-03T17:51:58.531Z] > command requires scopes: ["email","openid","https://www.googleapis.com/auth/cloudplatformprojects.readonly","https://www.googleapis.com/auth/firebase","https://www.googleapis.com/auth/cloud-platform"]
[debug] [2025-11-03T17:51:58.532Z] > authorizing via signed-in user (juwiijones984@gmail.com)
[debug] [2025-11-03T17:51:58.533Z] [iam] checking project egumeni-eats-e2a32 for permissions ["firebase.projects.get","runtimeconfig.configs.create","runtimeconfig.configs.delete","runtimeconfig.configs.get","runtimeconfig.configs.list","runtimeconfig.configs.update","runtimeconfig.variables.create","runtimeconfig.variables.delete","runtimeconfig.variables.get","runtimeconfig.variables.list","runtimeconfig.variables.update"]
[debug] [2025-11-03T17:51:58.534Z] Checked if tokens are valid: false, expires at: 1762186827677
[debug] [2025-11-03T17:51:58.534Z] Checked if tokens are valid: false, expires at: 1762186827677
[debug] [2025-11-03T17:51:58.534Z] > refreshing access token with scopes: []
[debug] [2025-11-03T17:51:58.538Z] >>> [apiv2][query] POST https://www.googleapis.com/oauth2/v3/token [none]
[debug] [2025-11-03T17:51:58.538Z] >>> [apiv2][body] POST https://www.googleapis.com/oauth2/v3/token [omitted]
[debug] [2025-11-03T17:52:00.827Z] <<< [apiv2][status] POST https://www.googleapis.com/oauth2/v3/token 200
[debug] [2025-11-03T17:52:00.827Z] <<< [apiv2][body] POST https://www.googleapis.com/oauth2/v3/token [omitted]
[debug] [2025-11-03T17:52:00.840Z] >>> [apiv2][query] POST https://cloudresourcemanager.googleapis.com/v1/projects/egumeni-eats-e2a32:testIamPermissions [none]
[debug] [2025-11-03T17:52:00.840Z] >>> [apiv2][(partial)header] POST https://cloudresourcemanager.googleapis.com/v1/projects/egumeni-eats-e2a32:testIamPermissions x-goog-quota-user=projects/egumeni-eats-e2a32
[debug] [2025-11-03T17:52:00.841Z] >>> [apiv2][body] POST https://cloudresourcemanager.googleapis.com/v1/projects/egumeni-eats-e2a32:testIamPermissions {"permissions":["firebase.projects.get","runtimeconfig.configs.create","runtimeconfig.configs.delete","runtimeconfig.configs.get","runtimeconfig.configs.list","runtimeconfig.configs.update","runtimeconfig.variables.create","runtimeconfig.variables.delete","runtimeconfig.variables.get","runtimeconfig.variables.list","runtimeconfig.variables.update"]}
[debug] [2025-11-03T17:52:03.565Z] <<< [apiv2][status] POST https://cloudresourcemanager.googleapis.com/v1/projects/egumeni-eats-e2a32:testIamPermissions 200
[debug] [2025-11-03T17:52:03.566Z] <<< [apiv2][body] POST https://cloudresourcemanager.googleapis.com/v1/projects/egumeni-eats-e2a32:testIamPermissions {}
[debug] [2025-11-03T17:52:03.566Z] [iam] error while checking permissions, command may fail: Authorization failed. This account is missing the following required permissions on project egumeni-eats-e2a32:

  firebase.projects.get
  runtimeconfig.configs.create
  runtimeconfig.configs.delete
  runtimeconfig.configs.get
  runtimeconfig.configs.list
  runtimeconfig.configs.update
  runtimeconfig.variables.create
  runtimeconfig.variables.delete
  runtimeconfig.variables.get
  runtimeconfig.variables.list
  runtimeconfig.variables.update
[debug] [2025-11-03T17:52:03.567Z] Checked if tokens are valid: true, expires at: 1762195919827
[debug] [2025-11-03T17:52:03.567Z] Checked if tokens are valid: true, expires at: 1762195919827
[debug] [2025-11-03T17:52:03.567Z] >>> [apiv2][query] GET https://serviceusage.googleapis.com/v1/projects/egumeni-eats-e2a32/services/runtimeconfig.googleapis.com [none]
[debug] [2025-11-03T17:52:03.567Z] >>> [apiv2][(partial)header] GET https://serviceusage.googleapis.com/v1/projects/egumeni-eats-e2a32/services/runtimeconfig.googleapis.com x-goog-quota-user=projects/egumeni-eats-e2a32
[debug] [2025-11-03T17:52:07.228Z] <<< [apiv2][status] GET https://serviceusage.googleapis.com/v1/projects/egumeni-eats-e2a32/services/runtimeconfig.googleapis.com 403
[debug] [2025-11-03T17:52:07.229Z] <<< [apiv2][body] GET https://serviceusage.googleapis.com/v1/projects/egumeni-eats-e2a32/services/runtimeconfig.googleapis.com [omitted]
[error] 
[error] Error: Request to https://serviceusage.googleapis.com/v1/projects/egumeni-eats-e2a32/services/runtimeconfig.googleapis.com had HTTP Error: 403, Permission denied to get service [runtimeconfig.googleapis.com]
Help Token: AXcLsyC8E0K6cbTVCbMgxxp-aRELGmKp3s2cezCJQ_lN_Z0oMGgVNZcysT_wIuOS_YiGizp_HhKp4i5loK17XRAiJgFLChu0FfE4RB-iNzRQftlR
[debug] [2025-11-03T17:52:08.480Z] Error Context: {
  "body": {
    "error": {
      "code": 403,
      "message": "Permission denied to get service [runtimeconfig.googleapis.com]\nHelp Token: AXcLsyC8E0K6cbTVCbMgxxp-aRELGmKp3s2cezCJQ_lN_Z0oMGgVNZcysT_wIuOS_YiGizp_HhKp4i5loK17XRAiJgFLChu0FfE4RB-iNzRQftlR",
      "status": "PERMISSION_DENIED",
      "details": [
        {
          "@type": "type.googleapis.com/google.rpc.PreconditionFailure",
          "violations": [
            {
              "type": "googleapis.com",
              "subject": "110002"
            }
          ]
        },
        {
          "@type": "type.googleapis.com/google.rpc.ErrorInfo",
          "reason": "AUTH_PERMISSION_DENIED",
          "domain": "serviceusage.googleapis.com"
        }
      ]
    }
  },
  "response": {
    "statusCode": 403
  }
}
[debug] [2025-11-03T17:52:18.242Z] ----------------------------------------------------------------------
[debug] [2025-11-03T17:52:18.244Z] Command:       C:\Program Files\nodejs\node.exe C:\Users\User\AppData\Roaming\npm\node_modules\firebase-tools\lib\bin\firebase.js logout
[debug] [2025-11-03T17:52:18.245Z] CLI Version:   14.22.0
[debug] [2025-11-03T17:52:18.245Z] Platform:      win32
[debug] [2025-11-03T17:52:18.245Z] Node Version:  v22.16.0
[debug] [2025-11-03T17:52:18.245Z] Time:          Mon Nov 03 2025 19:52:18 GMT+0200 (South Africa Standard Time)
[debug] [2025-11-03T17:52:18.245Z] ----------------------------------------------------------------------
[debug] 
[debug] [2025-11-03T17:52:18.286Z] >>> [apiv2][query] GET https://accounts.google.com/o/oauth2/revoke token=1%2F%2F03VQ0rstxLw5WCgYIARAAGAMSNwF-L9Ir1W4g6tEBRtOGTaS_DMzqk1QS747Tbpfpmvr2XIwaQmdMVxgjDpMqUoP_pR4aT0eRqM8
[debug] [2025-11-03T17:52:19.526Z] <<< [apiv2][status] GET https://accounts.google.com/o/oauth2/revoke 200
